C:\Users\emina\Desktop\flexf\flex\FlexFit\FlexFit.csproj : warning NU1603: FlexFit depends on Microsoft.EntityFrameworkCore (>= 8.0.9) but Microsoft.EntityFrameworkCore 8.0.9 was not found. Microsoft.EntityFrameworkCore 8.0.10 was resolved instead. [C:\Users\emina\Desktop\flexf\flex\FlexFit\FlexFit.sln]
C:\Users\emina\Desktop\flexf\flex\FlexFit\FlexFit.csproj : warning NU1603: FlexFit depends on Microsoft.EntityFrameworkCore.Design (>= 8.0.9) but Microsoft.EntityFrameworkCore.Design 8.0.9 was not found. Microsoft.EntityFrameworkCore.Design 8.0.10 was resolved instead. [C:\Users\emina\Desktop\flexf\flex\FlexFit\FlexFit.sln]
C:\Users\emina\Desktop\flexf\flex\FlexFit\FlexFit.csproj : warning NU1603: FlexFit depends on Microsoft.EntityFrameworkCore (>= 8.0.9) but Microsoft.EntityFrameworkCore 8.0.9 was not found. Microsoft.EntityFrameworkCore 8.0.10 was resolved instead.
C:\Users\emina\Desktop\flexf\flex\FlexFit\FlexFit.csproj : warning NU1603: FlexFit depends on Microsoft.EntityFrameworkCore.Design (>= 8.0.9) but Microsoft.EntityFrameworkCore.Design 8.0.9 was not found. Microsoft.EntityFrameworkCore.Design 8.0.10 was resolved instead.

Build succeeded.

C:\Users\emina\Desktop\flexf\flex\FlexFit\FlexFit.csproj : warning NU1603: FlexFit depends on Microsoft.EntityFrameworkCore (>= 8.0.9) but Microsoft.EntityFrameworkCore 8.0.9 was not found. Microsoft.EntityFrameworkCore 8.0.10 was resolved instead. [C:\Users\emina\Desktop\flexf\flex\FlexFit\FlexFit.sln]
C:\Users\emina\Desktop\flexf\flex\FlexFit\FlexFit.csproj : warning NU1603: FlexFit depends on Microsoft.EntityFrameworkCore.Design (>= 8.0.9) but Microsoft.EntityFrameworkCore.Design 8.0.9 was not found. Microsoft.EntityFrameworkCore.Design 8.0.10 was resolved instead. [C:\Users\emina\Desktop\flexf\flex\FlexFit\FlexFit.sln]
C:\Users\emina\Desktop\flexf\flex\FlexFit\FlexFit.csproj : warning NU1603: FlexFit depends on Microsoft.EntityFrameworkCore (>= 8.0.9) but Microsoft.EntityFrameworkCore 8.0.9 was not found. Microsoft.EntityFrameworkCore 8.0.10 was resolved instead.
C:\Users\emina\Desktop\flexf\flex\FlexFit\FlexFit.csproj : warning NU1603: FlexFit depends on Microsoft.EntityFrameworkCore.Design (>= 8.0.9) but Microsoft.EntityFrameworkCore.Design 8.0.9 was not found. Microsoft.EntityFrameworkCore.Design 8.0.10 was resolved instead.
    4 Warning(s)
    0 Error(s)

Time Elapsed 00:00:04.33
